// Jest Snapshot v1, https://goo.gl/fbAQLP

exports[`<Footer /> should render correctly 1`] = `
<Footer
  config={
    Object {
      "copyright": Object {
        "owner": "© Steven Natera",
      },
      "initialLinks": Object {
        "paths": Array [
          Object {
            "path": "/",
            "title": "Home",
          },
          Object {
            "path": "/about",
            "title": "About",
          },
          Object {
            "path": "/speaking",
            "title": "Speaking",
          },
          Object {
            "path": "/contact",
            "title": "Contact",
          },
        ],
        "socialLinks": Array [
          Object {
            "icon": "fa-twitter",
            "name": "Twitter",
            "path": "https://www.twitter.com/stevennatera",
          },
          Object {
            "icon": "fa-linkedin",
            "name": "LinkedIn",
            "path": "https://www.linkedin.com/in/snatera",
          },
          Object {
            "icon": "fa-github",
            "name": "Github",
            "path": "https://www.github.com/nodox",
          },
        ],
      },
      "introText": Object {
        "/": "Hi! I'm Steven Natera. I write this blog, teach software engineering workshops, and explore emerging technologies.",
        "/about": "Hi! I'm Steven Natera. I write this blog, teach software engineering workshops, and explore emerging technologies.",
        "/contact": "I'm pretty easy to get hold of, here's how I use different channels to communicate with people and how best to contact me",
        "/speaking": "I deliver talks on NodeJS and I teach software engineering workshops.",
      },
      "name": "Steven Natera",
    }
  }
>
  <footer
    id="footer"
  >
    <section>
      <form
        action="/thanks/"
        data-netlify="true"
        data-netlify-honeypot="bot-field"
        encType="application/x-www-form-urlencoded"
        method="post"
        name="contact"
      >
        <input
          name="form-name"
          type="hidden"
          value="contact"
        />
        <p
          hidden={true}
        >
          <label>
            Don’t fill this out: 
            <input
              name="bot-field"
            />
          </label>
        </p>
        <div
          className="field"
        >
          <label>
            Name
          </label>
          <input
            id="name"
            name="name"
            placeholder="Your name"
            type="text"
          />
        </div>
        <div
          className="field"
        >
          <label>
            Email
          </label>
          <input
            id="email"
            name="email"
            placeholder="Your email"
            type="email"
          />
        </div>
        <div
          className="field"
        >
          <label>
            Message
          </label>
          <textarea
            id="message"
            name="message"
            placeholder="Your message"
            rows="3"
          />
        </div>
        <ul
          className="actions"
        >
          <li>
            <input
              type="submit"
              value="Send Message"
            />
          </li>
        </ul>
      </form>
    </section>
    <section
      className="split contact"
    >
      <section>
        <h3>
          Social
        </h3>
        <ul
          className="icons alt"
        >
          <li
            key="0"
          >
            <a
              className="icon fa-twitter alt"
              href="https://www.twitter.com/stevennatera"
            >
              <span
                className="label"
              >
                Twitter
              </span>
            </a>
          </li>
          <li
            key="1"
          >
            <a
              className="icon fa-linkedin alt"
              href="https://www.linkedin.com/in/snatera"
            >
              <span
                className="label"
              >
                LinkedIn
              </span>
            </a>
          </li>
          <li
            key="2"
          >
            <a
              className="icon fa-github alt"
              href="https://www.github.com/nodox"
            >
              <span
                className="label"
              >
                Github
              </span>
            </a>
          </li>
        </ul>
      </section>
    </section>
  </footer>
</Footer>
`;
