// Jest Snapshot v1, https://goo.gl/fbAQLP

exports[`<Massively /> should render correctly 1`] = `
<div
  className=""
  id="pseudoBody"
>
  <div
    className="fade-in"
    id="wrapper"
  />
</div>
`;
