// Jest Snapshot v1, https://goo.gl/fbAQLP

exports[`<Navbar /> should render correctly 1`] = `
<nav
  id="nav"
>
  <ul
    className="links"
  />
  <ul
    className="icons"
  >
    <li
      key="0"
    >
      <a
        className="icon fa-twitter"
        href="https://www.twitter.com/stevennatera"
      >
        <span
          className="label"
        >
          Twitter
        </span>
      </a>
    </li>
    <li
      key="1"
    >
      <a
        className="icon fa-linkedin"
        href="https://www.linkedin.com/in/snatera"
      >
        <span
          className="label"
        >
          LinkedIn
        </span>
      </a>
    </li>
    <li
      key="2"
    >
      <a
        className="icon fa-github"
        href="https://www.github.com/nodox"
      >
        <span
          className="label"
        >
          Github
        </span>
      </a>
    </li>
  </ul>
</nav>
`;
