// Jest Snapshot v1, https://goo.gl/fbAQLP

exports[`<Tags /> should render correctly 1`] = `
<ul
  className="actions"
/>
`;
